Archive member included to satisfy reference by file (symbol)

C:\Users\unknown\Documents\LPCWorkspace\lpc_chip_175x_6x\Debug\liblpc_chip_175x_6x.a(chip_17xx_40xx.o)
                              ./src/ProyI2C.o (SystemCoreClockUpdate)
C:\Users\unknown\Documents\LPCWorkspace\lpc_chip_175x_6x\Debug\liblpc_chip_175x_6x.a(clock_17xx_40xx.o)
                              C:\Users\unknown\Documents\LPCWorkspace\lpc_chip_175x_6x\Debug\liblpc_chip_175x_6x.a(chip_17xx_40xx.o) (Chip_Clock_EnablePLL)
C:\Users\unknown\Documents\LPCWorkspace\lpc_chip_175x_6x\Debug\liblpc_chip_175x_6x.a(i2c_17xx_40xx.o)
                              ./src/ProyI2C.o (Chip_I2C_EventHandler)
C:\Users\unknown\Documents\LPCWorkspace\lpc_chip_175x_6x\Debug\liblpc_chip_175x_6x.a(iocon_17xx_40xx.o)
                              ./src/ProyI2C.o (Chip_IOCON_PinMux)
C:\Users\unknown\Documents\LPCWorkspace\lpc_chip_175x_6x\Debug\liblpc_chip_175x_6x.a(sysinit_17xx_40xx.o)
                              ./src/sysinit.o (Chip_SystemInit)
c:/nxp/mcuxpressoide_10.2.0_759/ide/tools/bin/../lib/gcc/arm-none-eabi/7.2.1/../../../../arm-none-eabi/lib/thumb/v7-m\libcr_c.a(__weak__main.o)
                              ./src/cr_startup_lpc175x_6x.o (__main)

Allocating common symbols
Common symbol       size              file

SystemCoreClock     0x4               C:\Users\unknown\Documents\LPCWorkspace\lpc_chip_175x_6x\Debug\liblpc_chip_175x_6x.a(chip_17xx_40xx.o)

Discarded input sections

 .group         0x00000000        0xc ./src/ProyI2C.o
 .group         0x00000000        0xc ./src/ProyI2C.o
 .group         0x00000000        0xc ./src/ProyI2C.o
 .group         0x00000000        0xc ./src/ProyI2C.o
 .group         0x00000000        0xc ./src/ProyI2C.o
 .group         0x00000000        0xc ./src/ProyI2C.o
 .group         0x00000000        0xc ./src/ProyI2C.o
 .group         0x00000000        0xc ./src/ProyI2C.o
 .group         0x00000000        0xc ./src/ProyI2C.o
 .group         0x00000000        0xc ./src/ProyI2C.o
 .group         0x00000000        0xc ./src/ProyI2C.o
 .group         0x00000000        0xc ./src/ProyI2C.o
 .group         0x00000000        0xc ./src/ProyI2C.o
 .group         0x00000000        0xc ./src/ProyI2C.o
 .group         0x00000000        0xc ./src/ProyI2C.o
 .group         0x00000000        0xc ./src/ProyI2C.o
 .group         0x00000000        0xc ./src/ProyI2C.o
 .group         0x00000000        0xc ./src/ProyI2C.o
 .group         0x00000000        0xc ./src/ProyI2C.o
 .group         0x00000000        0xc ./src/ProyI2C.o
 .group         0x00000000        0xc ./src/ProyI2C.o
 .group         0x00000000        0xc ./src/ProyI2C.o
 .group         0x00000000        0xc ./src/ProyI2C.o
 .group         0x00000000        0xc ./src/ProyI2C.o
 .group         0x00000000        0xc ./src/ProyI2C.o
 .group         0x00000000        0xc ./src/ProyI2C.o
 .group         0x00000000        0xc ./src/ProyI2C.o
 .group         0x00000000        0xc ./src/ProyI2C.o
 .group         0x00000000        0xc ./src/ProyI2C.o
 .group         0x00000000        0xc ./src/ProyI2C.o
 .group         0x00000000        0xc ./src/ProyI2C.o
 .group         0x00000000        0xc ./src/ProyI2C.o
 .group         0x00000000        0xc ./src/ProyI2C.o
 .group         0x00000000        0xc ./src/ProyI2C.o
 .group         0x00000000        0xc ./src/ProyI2C.o
 .group         0x00000000        0xc ./src/ProyI2C.o
 .text          0x00000000        0x0 ./src/ProyI2C.o
 .data          0x00000000        0x0 ./src/ProyI2C.o
 .bss           0x00000000        0x0 ./src/ProyI2C.o
 .group         0x00000000        0x8 ./src/cr_startup_lpc175x_6x.o
 .text          0x00000000        0x0 ./src/cr_startup_lpc175x_6x.o
 .data          0x00000000        0x0 ./src/cr_startup_lpc175x_6x.o
 .bss           0x00000000        0x0 ./src/cr_startup_lpc175x_6x.o
 .group         0x00000000        0x8 ./src/crp.o
 .group         0x00000000        0x8 ./src/crp.o
 .text          0x00000000        0x0 ./src/crp.o
 .data          0x00000000        0x0 ./src/crp.o
 .bss           0x00000000        0x0 ./src/crp.o
 .debug_macro   0x00000000      0x898 ./src/crp.o
 .group         0x00000000        0xc ./src/sysinit.o
 .group         0x00000000        0xc ./src/sysinit.o
 .group         0x00000000        0xc ./src/sysinit.o
 .group         0x00000000        0xc ./src/sysinit.o
 .group         0x00000000        0xc ./src/sysinit.o
 .group         0x00000000        0xc ./src/sysinit.o
 .group         0x00000000        0xc ./src/sysinit.o
 .group         0x00000000        0xc ./src/sysinit.o
 .group         0x00000000        0xc ./src/sysinit.o
 .group         0x00000000        0xc ./src/sysinit.o
 .group         0x00000000        0xc ./src/sysinit.o
 .group         0x00000000        0xc ./src/sysinit.o
 .group         0x00000000        0xc ./src/sysinit.o
 .group         0x00000000        0xc ./src/sysinit.o
[...]
Memory Configuration

Name             Origin             Length             Attributes
MFlash512        0x00000000         0x00080000         xr
RamLoc32         0x10000000         0x00008000         xrw
RamAHB32         0x2007c000         0x00008000         xrw
*default*        0x00000000         0xffffffff

Linker script and memory map

LOAD ./src/ProyI2C.o
LOAD ./src/cr_startup_lpc175x_6x.o
LOAD ./src/crp.o
LOAD ./src/sysinit.o
LOAD C:\Users\unknown\Documents\LPCWorkspace\lpc_chip_175x_6x\Debug\liblpc_chip_175x_6x.a
START GROUP
LOAD c:/nxp/mcuxpressoide_10.2.0_759/ide/tools/bin/../lib/gcc/arm-none-eabi/7.2.1/../../../../arm-none-eabi/lib/thumb/v7-m\libcr_c.a
LOAD c:/nxp/mcuxpressoide_10.2.0_759/ide/tools/bin/../lib/gcc/arm-none-eabi/7.2.1/thumb/v7-m\libcr_eabihelpers.a
END GROUP
                0x00000000                __base_MFlash512 = 0x0
                0x00000000                __base_Flash = 0x0
                0x00080000                __top_MFlash512 = 0x80000
                0x00080000                __top_Flash = 0x80000
                0x10000000                __base_RamLoc32 = 0x10000000
                0x10000000                __base_RAM = 0x10000000
                0x10008000                __top_RamLoc32 = 0x10008000
                0x10008000                __top_RAM = 0x10008000
                0x2007c000                __base_RamAHB32 = 0x2007c000
                0x2007c000                __base_RAM2 = 0x2007c000
                0x20084000                __top_RamAHB32 = 0x20084000
                0x20084000                __top_RAM2 = 0x20084000

.text           0x00000000     0x103c
 FILL mask 0xff
                0x00000000                __vectors_start__ = ABSOLUTE (.)
 *(.isr_vector)
 .isr_vector    0x00000000       0xcc ./src/cr_startup_lpc175x_6x.o
                0x00000000                g_pfnVectors
                0x000000cc                . = ALIGN (0x4)
                0x000000cc                __section_table_start = .
                0x000000cc                __data_section_table = .
                0x000000cc        0x4 LONG 0x103c LOADADDR (.data)
                0x000000d0        0x4 LONG 0x10000000 ADDR (.data)
                0x000000d4        0x4 LONG 0x58 SIZEOF (.data)
                0x000000d8        0x4 LONG 0x103c LOADADDR (.data_RAM2)
                0x000000dc        0x4 LONG 0x2007c000 ADDR (.data_RAM2)
                0x000000e0        0x4 LONG 0x0 SIZEOF (.data_RAM2)
                0x000000e4                __data_section_table_end = .
                0x000000e4                __bss_section_table = .
                0x000000e4        0x4 LONG 0x10000058 ADDR (.bss)
                0x000000e8        0x4 LONG 0x8 SIZEOF (.bss)
                0x000000ec        0x4 LONG 0x2007c000 ADDR (.bss_RAM2)
                0x000000f0        0x4 LONG 0x0 SIZEOF (.bss_RAM2)
                0x000000f4                __bss_section_table_end = .
                0x000000f4                __section_table_end = .
 *(.after_vectors*)
 .after_vectors
                0x000000f4      0x144 ./src/cr_startup_lpc175x_6x.o
                0x000000f4                data_init
                0x00000138                bss_init
                0x00000170                ResetISR
                0x000001e8                NMI_Handler
                0x000001f0                HardFault_Handler
                0x000001f8                MemManage_Handler
                0x00000200                BusFault_Handler
                0x00000208                UsageFault_Handler
                0x00000210                SVC_Handler
                0x00000218                DebugMon_Handler
                0x00000220                PendSV_Handler
                0x00000228                SysTick_Handler
                0x00000230                EINT3_IRQHandler
                0x00000230                CANActivity_IRQHandler
                0x00000230                TIMER3_IRQHandler
                0x00000230                UART0_IRQHandler
                0x00000230                UART1_IRQHandler
                0x00000230                USBActivity_IRQHandler
                0x00000230                IntDefaultHandler
                0x00000230                PLL0_IRQHandler
                0x00000230                CAN_IRQHandler
                0x00000230                I2C0_IRQHandler
                0x00000230                EINT2_IRQHandler
                0x00000230                I2S_IRQHandler
                0x00000230                I2C2_IRQHandler
                0x00000230                RTC_IRQHandler
                0x00000230                TIMER0_IRQHandler
                0x00000230                SPI_IRQHandler
                0x00000230                RIT_IRQHandler
                0x00000230                EINT1_IRQHandler
                0x00000230                TIMER1_IRQHandler
                0x00000230                UART2_IRQHandler
                0x00000230                ADC_IRQHandler
                0x00000230                SSP1_IRQHandler
                0x00000230                USB_IRQHandler
                0x00000230                BOD_IRQHandler
                0x00000230                SSP0_IRQHandler
                0x00000230                WDT_IRQHandler
                0x00000230                PWM1_IRQHandler
                0x00000230                QEI_IRQHandler
                0x00000230                EINT0_IRQHandler
                0x00000230                ETH_IRQHandler
                0x00000230                PLL1_IRQHandler
                0x00000230                DMA_IRQHandler
                0x00000230                TIMER2_IRQHandler
                0x00000230                UART3_IRQHandler
                0x00000230                MCPWM_IRQHandler
                0x000002fc                . = 0x2fc
 *fill*         0x00000238       0xc4 ff
                0x000002fc                PROVIDE (__CRP_WORD_START__, .)
 *(.crp)
 .crp           0x000002fc        0x4 ./src/crp.o
                0x000002fc                CRP_WORD
                0x00000300                PROVIDE (__CRP_WORD_END__, .)
                0x00000001                ASSERT (! ((__CRP_WORD_START__ == __CRP_WORD_END__)), Linker CRP Enabled, but no CRP_WORD provided within application)
 *(.text*)
 .text.NVIC_EnableIRQ
                0x00000300       0x30 ./src/ProyI2C.o
 .text.Chip_IOCON_Init
                0x00000330       0x16 ./src/ProyI2C.o
 .text.Chip_IOCON_EnableOD
                0x00000346       0x38 ./src/ProyI2C.o
 .text.Chip_GPIO_Init
                0x0000037e       0x16 ./src/ProyI2C.o
 .text.I2C1_IRQHandler
                0x00000394        0xe ./src/ProyI2C.o
                0x00000394                I2C1_IRQHandler
 *fill*         0x000003a2        0x2 ff
 .text.Configuracion_uC
                0x000003a4       0x78 ./src/ProyI2C.o
                0x000003a4                Configuracion_uC
 .text.main     0x0000041c       0x30 ./src/ProyI2C.o
                0x0000041c                main
 .text.SystemInit
                0x0000044c       0x24 ./src/sysinit.o
                0x0000044c                SystemInit
 .text.SystemCoreClockUpdate
                0x00000470       0x18 C:\Users\unknown\Documents\LPCWorkspace\lpc_chip_175x_6x\Debug\liblpc_chip_175x_6x.a(chip_17xx_40xx.o)
                0x00000470                SystemCoreClockUpdate
 .text.Chip_Clock_IsMainPLLEnabled
                0x00000488       0x24 C:\Users\unknown\Documents\LPCWorkspace\lpc_chip_175x_6x\Debug\liblpc_chip_175x_6x.a(clock_17xx_40xx.o)
 .text.Chip_Clock_IsMainPLLConnected
                0x000004ac       0x24 C:\Users\unknown\Documents\LPCWorkspace\lpc_chip_175x_6x\Debug\liblpc_chip_175x_6x.a(clock_17xx_40xx.o)
 .text.Chip_Clock_FeedPLL
                0x000004d0       0x34 C:\Users\unknown\Documents\LPCWorkspace\lpc_chip_175x_6x\Debug\liblpc_chip_175x_6x.a(clock_17xx_40xx.o)
 .text.Chip_Clock_GetMainPLLSource
                0x00000504       0x20 C:\Users\unknown\Documents\LPCWorkspace\lpc_chip_175x_6x\Debug\liblpc_chip_175x_6x.a(clock_17xx_40xx.o)
 .text.Chip_Clock_GetMainOscRate
                0x00000524       0x14 C:\Users\unknown\Documents\LPCWorkspace\lpc_chip_175x_6x\Debug\liblpc_chip_175x_6x.a(clock_17xx_40xx.o)
 .text.Chip_Clock_GetIntOscRate
                0x00000538       0x14 C:\Users\unknown\Documents\LPCWorkspace\lpc_chip_175x_6x\Debug\liblpc_chip_175x_6x.a(clock_17xx_40xx.o)
 .text.Chip_Clock_GetRTCOscRate
                0x0000054c       0x14 C:\Users\unknown\Documents\LPCWorkspace\lpc_chip_175x_6x\Debug\liblpc_chip_175x_6x.a(clock_17xx_40xx.o)
 .text.Chip_Clock_GetMainPLLInClockRate
                0x00000560        0xe C:\Users\unknown\Documents\LPCWorkspace\lpc_chip_175x_6x\Debug\liblpc_chip_175x_6x.a(clock_17xx_40xx.o)
 *fill*         0x0000056e        0x2 ff
 .text.Chip_Clock_EnablePLL
                0x00000570       0x44 C:\Users\unknown\Documents\LPCWorkspace\lpc_chip_175x_6x\Debug\liblpc_chip_175x_6x.a(clock_17xx_40xx.o)
                0x00000570                Chip_Clock_EnablePLL
 .text.Chip_Clock_DisablePLL
                0x000005b4       0x48 C:\Users\unknown\Documents\LPCWorkspace\lpc_chip_175x_6x\Debug\liblpc_chip_175x_6x.a(clock_17xx_40xx.o)
                0x000005b4                Chip_Clock_DisablePLL
 .text.Chip_Clock_SetupPLL
                0x000005fc       0x5c C:\Users\unknown\Documents\LPCWorkspace\lpc_chip_175x_6x\Debug\liblpc_chip_175x_6x.a(clock_17xx_40xx.o)
                0x000005fc                Chip_Clock_SetupPLL
 .text.Chip_Clock_EnablePeriphClock
                0x00000658       0x34 C:\Users\unknown\Documents\LPCWorkspace\lpc_chip_175x_6x\Debug\liblpc_chip_175x_6x.a(clock_17xx_40xx.o)
                0x00000658                Chip_Clock_EnablePeriphClock
 .text.Chip_Clock_GetCPUClockSource
                0x0000068c       0x24 C:\Users\unknown\Documents\LPCWorkspace\lpc_chip_175x_6x\Debug\liblpc_chip_175x_6x.a(clock_17xx_40xx.o)
                0x0000068c                Chip_Clock_GetCPUClockSource
 .text.Chip_Clock_SetCPUClockDiv
                0x000006b0       0x20 C:\Users\unknown\Documents\LPCWorkspace\lpc_chip_175x_6x\Debug\liblpc_chip_175x_6x.a(clock_17xx_40xx.o)
                0x000006b0                Chip_Clock_SetCPUClockDiv
 .text.Chip_Clock_GetCPUClockDiv
                0x000006d0       0x1c C:\Users\unknown\Documents\LPCWorkspace\lpc_chip_175x_6x\Debug\liblpc_chip_175x_6x.a(clock_17xx_40xx.o)
                0x000006d0                Chip_Clock_GetCPUClockDiv
 .text.Chip_Clock_GetPCLKDiv
                0x000006ec       0x8c C:\Users\unknown\Documents\LPCWorkspace\lpc_chip_175x_6x\Debug\liblpc_chip_175x_6x.a(clock_17xx_40xx.o)
                0x000006ec                Chip_Clock_GetPCLKDiv
 .text.Chip_Clock_GetSYSCLKRate
                0x00000778       0x34 C:\Users\unknown\Documents\LPCWorkspace\lpc_chip_175x_6x\Debug\liblpc_chip_175x_6x.a(clock_17xx_40xx.o)
                0x00000778                Chip_Clock_GetSYSCLKRate
 .text.Chip_Clock_GetMainPLLOutClockRate
                0x000007ac       0x54 C:\Users\unknown\Documents\LPCWorkspace\lpc_chip_175x_6x\Debug\liblpc_chip_175x_6x.a(clock_17xx_40xx.o)
                0x000007ac                Chip_Clock_GetMainPLLOutClockRate
 .text.Chip_Clock_GetMainClockRate
                0x00000800       0x28 C:\Users\unknown\Documents\LPCWorkspace\lpc_chip_175x_6x\Debug\liblpc_chip_175x_6x.a(clock_17xx_40xx.o)
                0x00000800                Chip_Clock_GetMainClockRate
 .text.Chip_Clock_GetSystemClockRate
                0x00000828       0x18 C:\Users\unknown\Documents\LPCWorkspace\lpc_chip_175x_6x\Debug\liblpc_chip_175x_6x.a(clock_17xx_40xx.o)
                0x00000828                Chip_Clock_GetSystemClockRate
 .text.Chip_Clock_GetPeripheralClockRate
                0x00000840       0x26 C:\Users\unknown\Documents\LPCWorkspace\lpc_chip_175x_6x\Debug\liblpc_chip_175x_6x.a(clock_17xx_40xx.o)
                0x00000840                Chip_Clock_GetPeripheralClockRate
 *fill*         0x00000866        0x2 ff
 .text.enableClk
                0x00000868       0x30 C:\Users\unknown\Documents\LPCWorkspace\lpc_chip_175x_6x\Debug\liblpc_chip_175x_6x.a(i2c_17xx_40xx.o)
 .text.getClkRate
                0x00000898       0x24 C:\Users\unknown\Documents\LPCWorkspace\lpc_chip_175x_6x\Debug\liblpc_chip_175x_6x.a(i2c_17xx_40xx.o)
 .text.startMasterXfer
                0x000008bc       0x1e C:\Users\unknown\Documents\LPCWorkspace\lpc_chip_175x_6x\Debug\liblpc_chip_175x_6x.a(i2c_17xx_40xx.o)
 .text.startSlaverXfer
                0x000008da       0x1e C:\Users\unknown\Documents\LPCWorkspace\lpc_chip_175x_6x\Debug\liblpc_chip_175x_6x.a(i2c_17xx_40xx.o)
 .text.isI2CBusFree
                0x000008f8       0x24 C:\Users\unknown\Documents\LPCWorkspace\lpc_chip_175x_6x\Debug\liblpc_chip_175x_6x.a(i2c_17xx_40xx.o)
 .text.getCurState
                0x0000091c       0x1a C:\Users\unknown\Documents\LPCWorkspace\lpc_chip_175x_6x\Debug\liblpc_chip_175x_6x.a(i2c_17xx_40xx.o)
 *fill*         0x00000936        0x2 ff
 .text.handleMasterXferState
                0x00000938      0x284 C:\Users\unknown\Documents\LPCWorkspace\lpc_chip_175x_6x\Debug\liblpc_chip_175x_6x.a(i2c_17xx_40xx.o)
                0x00000938                handleMasterXferState
 .text.Chip_I2C_EventHandler
                0x00000bbc       0x4c C:\Users\unknown\Documents\LPCWorkspace\lpc_chip_175x_6x\Debug\liblpc_chip_175x_6x.a(i2c_17xx_40xx.o)
                0x00000bbc                Chip_I2C_EventHandler
 .text.Chip_I2C_Init
                0x00000c08       0x34 C:\Users\unknown\Documents\LPCWorkspace\lpc_chip_175x_6x\Debug\liblpc_chip_175x_6x.a(i2c_17xx_40xx.o)
                0x00000c08                Chip_I2C_Init
 .text.Chip_I2C_SetClockRate
                0x00000c3c       0x68 C:\Users\unknown\Documents\LPCWorkspace\lpc_chip_175x_6x\Debug\liblpc_chip_175x_6x.a(i2c_17xx_40xx.o)
                0x00000c3c                Chip_I2C_SetClockRate
 .text.Chip_I2C_SetMasterEventHandler
                0x00000ca4       0x48 C:\Users\unknown\Documents\LPCWorkspace\lpc_chip_175x_6x\Debug\liblpc_chip_175x_6x.a(i2c_17xx_40xx.o)
                0x00000ca4                Chip_I2C_SetMasterEventHandler
 .text.Chip_I2C_MasterTransfer
                0x00000cec       0x9c C:\Users\unknown\Documents\LPCWorkspace\lpc_chip_175x_6x\Debug\liblpc_chip_175x_6x.a(i2c_17xx_40xx.o)
                0x00000cec                Chip_I2C_MasterTransfer
 .text.Chip_I2C_MasterSend
                0x00000d88       0x58 C:\Users\unknown\Documents\LPCWorkspace\lpc_chip_175x_6x\Debug\liblpc_chip_175x_6x.a(i2c_17xx_40xx.o)
                0x00000d88                Chip_I2C_MasterSend
 .text.Chip_I2C_MasterRead
                0x00000de0       0x54 C:\Users\unknown\Documents\LPCWorkspace\lpc_chip_175x_6x\Debug\liblpc_chip_175x_6x.a(i2c_17xx_40xx.o)
                0x00000de0                Chip_I2C_MasterRead
 .text.Chip_I2C_MasterStateHandler
                0x00000e34       0x60 C:\Users\unknown\Documents\LPCWorkspace\lpc_chip_175x_6x\Debug\liblpc_chip_175x_6x.a(i2c_17xx_40xx.o)
                0x00000e34                Chip_I2C_MasterStateHandler
 .text.Chip_IOCON_PinMux
                0x00000e94       0x94 C:\Users\unknown\Documents\LPCWorkspace\lpc_chip_175x_6x\Debug\liblpc_chip_175x_6x.a(iocon_17xx_40xx.o)
                0x00000e94                Chip_IOCON_PinMux
 .text.Chip_Clock_IsMainPLLEnabled
                0x00000f28       0x24 C:\Users\unknown\Documents\LPCWorkspace\lpc_chip_175x_6x\Debug\liblpc_chip_175x_6x.a(sysinit_17xx_40xx.o)
 .text.Chip_Clock_IsMainPLLLocked
                0x00000f4c       0x24 C:\Users\unknown\Documents\LPCWorkspace\lpc_chip_175x_6x\Debug\liblpc_chip_175x_6x.a(sysinit_17xx_40xx.o)
 .text.Chip_Clock_IsMainPLLConnected
                0x00000f70       0x24 C:\Users\unknown\Documents\LPCWorkspace\lpc_chip_175x_6x\Debug\liblpc_chip_175x_6x.a(sysinit_17xx_40xx.o)
 .text.Chip_Clock_SetMainPLLSource
                0x00000f94       0x20 C:\Users\unknown\Documents\LPCWorkspace\lpc_chip_175x_6x\Debug\liblpc_chip_175x_6x.a(sysinit_17xx_40xx.o)
 .text.Chip_SetupIrcClocking
                0x00000fb4       0x6a C:\Users\unknown\Documents\LPCWorkspace\lpc_chip_175x_6x\Debug\liblpc_chip_175x_6x.a(sysinit_17xx_40xx.o)
                0x00000fb4                Chip_SetupIrcClocking
 .text.Chip_SystemInit
                0x0000101e        0xc C:\Users\unknown\Documents\LPCWorkspace\lpc_chip_175x_6x\Debug\liblpc_chip_175x_6x.a(sysinit_17xx_40xx.o)
                0x0000101e                Chip_SystemInit
 .text.__weak_main
                0x0000102a        0x4 c:/nxp/mcuxpressoide_10.2.0_759/ide/tools/bin/../lib/gcc/arm-none-eabi/7.2.1/../../../../arm-none-eabi/lib/thumb/v7-m\libcr_c.a(__weak__main.o)
                0x0000102a                __weak_main
                0x0000102a                __main
 *(.rodata .rodata.* .constdata .constdata.*)
 *fill*         0x0000102e        0x2 ff
 .rodata.OscRateIn
                0x00001030        0x4 ./src/sysinit.o
                0x00001030                OscRateIn
 .rodata.RTCOscRateIn
                0x00001034        0x4 ./src/sysinit.o
                0x00001034                RTCOscRateIn
 .rodata.I2C_PeriphClk
                0x00001038        0x3 C:\Users\unknown\Documents\LPCWorkspace\lpc_chip_175x_6x\Debug\liblpc_chip_175x_6x.a(i2c_17xx_40xx.o)
                0x0000103c                . = ALIGN (0x4)
 *fill*         0x0000103b        0x1 ff

.glue_7         0x0000103c        0x0
 .glue_7        0x0000103c        0x0 linker stubs

.glue_7t        0x0000103c        0x0
 .glue_7t       0x0000103c        0x0 linker stubs

.vfp11_veneer   0x0000103c        0x0
 .vfp11_veneer  0x0000103c        0x0 linker stubs

.v4_bx          0x0000103c        0x0
 .v4_bx         0x0000103c        0x0 linker stubs

.iplt           0x0000103c        0x0
 .iplt          0x0000103c        0x0 ./src/ProyI2C.o

.rel.dyn        0x0000103c        0x0
 .rel.iplt      0x0000103c        0x0 ./src/ProyI2C.o

.ARM.extab
 *(.ARM.extab* .gnu.linkonce.armextab.*)
                0x0000103c                __exidx_start = .

.ARM.exidx
 *(.ARM.exidx* .gnu.linkonce.armexidx.*)
                0x0000103c                __exidx_end = .
                0x0000103c                _etext = .

.data_RAM2      0x2007c000        0x0 load address 0x0000103c
 FILL mask 0xff
                [!provide]                PROVIDE (__start_data_RAM2, .)
 *(.ramfunc.$RAM2)
 *(.ramfunc.$RamAHB32)
 *(.data.$RAM2*)
 *(.data.$RamAHB32*)
                0x2007c000                . = ALIGN (0x4)
                [!provide]                PROVIDE (__end_data_RAM2, .)

.uninit_RESERVED
                0x10000000        0x0
 *(.bss.$RESERVED*)
                0x10000000                . = ALIGN (0x4)
                0x10000000                _end_uninit_RESERVED = .

.data           0x10000000       0x58 load address 0x0000103c
 FILL mask 0xff
                0x10000000                _data = .
 *(vtable)
 *(.ramfunc*)
 *(.data*)
 .data.Datos_Tx
                0x10000000        0x3 ./src/ProyI2C.o
                0x10000000                Datos_Tx
 *fill*         0x10000003        0x1 ff
 .data.i2c      0x10000004       0x54 C:\Users\unknown\Documents\LPCWorkspace\lpc_chip_175x_6x\Debug\liblpc_chip_175x_6x.a(i2c_17xx_40xx.o)
                0x10000058                . = ALIGN (0x4)
                0x10000058                _edata = .

.igot.plt       0x10000058        0x0 load address 0x00001094
 .igot.plt      0x10000058        0x0 ./src/ProyI2C.o

.bss_RAM2       0x2007c000        0x0
                [!provide]                PROVIDE (__start_bss_RAM2, .)
 *(.bss.$RAM2*)
 *(.bss.$RamAHB32*)
                0x2007c000                . = ALIGN ((. != 0x0)?0x4:0x1)
                [!provide]                PROVIDE (__end_bss_RAM2, .)

.bss            0x10000058        0x8
                0x10000058                _bss = .
 *(.bss*)
 .bss.Datos_Rx  0x10000058        0x1 ./src/ProyI2C.o
                0x10000058                Datos_Rx
 *(COMMON)
 *fill*         0x10000059        0x3 
 COMMON         0x1000005c        0x4 C:\Users\unknown\Documents\LPCWorkspace\lpc_chip_175x_6x\Debug\liblpc_chip_175x_6x.a(chip_17xx_40xx.o)
                0x1000005c                SystemCoreClock
                0x10000060                . = ALIGN (0x4)
                0x10000060                _ebss = .
                [!provide]                PROVIDE (end, .)

.noinit_RAM2    0x2007c000        0x0
 *(.noinit.$RAM2*)
 *(.noinit.$RamAHB32*)
                0x2007c000                . = ALIGN (0x4)

.noinit         0x10000060        0x0
                0x10000060                _noinit = .
 *(.noinit*)
                0x10000060                . = ALIGN (0x4)
                0x10000060                _end_noinit = .
                [!provide]                PROVIDE (_pvHeapStart, DEFINED (__user_heap_base)?__user_heap_base:.)
                0x10008000                PROVIDE (_vStackTop, DEFINED (__user_stack_top)?__user_stack_top:(__top_RamLoc32 - 0x0))
                0xefff74b2                PROVIDE (__valid_user_code_checksum, (0x0 - ((((((_vStackTop + (ResetISR + 0x1)) + (NMI_Handler + 0x1)) + (HardFault_Handler + 0x1)) + (DEFINED (MemManage_Handler)?MemManage_Handler:0x0 + 0x1)) + (DEFINED (BusFault_Handler)?BusFault_Handler:0x0 + 0x1)) + (DEFINED (UsageFault_Handler)?UsageFault_Handler:0x0 + 0x1))))
                0x00000000                _image_start = LOADADDR (.text)
                0x00001094                _image_end = (LOADADDR (.data) + SIZEOF (.data))
                0x00001094                _image_size = (_image_end - _image_start)
OUTPUT(ProyI2C.axf elf32-littlearm)

.debug_info     0x00000000     0x331a
 .debug_info    0x00000000      0x750 ./src/ProyI2C.o
 .debug_info    0x00000750      0x253 ./src/cr_startup_lpc175x_6x.o
 .debug_info    0x000009a3       0x3f ./src/crp.o
 .debug_info    0x000009e2      0x1fd ./src/sysinit.o
 .debug_info    0x00000bdf      0x558 C:\Users\unknown\Documents\LPCWorkspace\lpc_chip_175x_6x\Debug\liblpc_chip_175x_6x.a(chip_17xx_40xx.o)
 .debug_info    0x00001137      0xba2 C:\Users\unknown\Documents\LPCWorkspace\lpc_chip_175x_6x\Debug\liblpc_chip_175x_6x.a(clock_17xx_40xx.o)
 .debug_info    0x00001cd9      0xeaf C:\Users\unknown\Documents\LPCWorkspace\lpc_chip_175x_6x\Debug\liblpc_chip_175x_6x.a(i2c_17xx_40xx.o)
 .debug_info    0x00002b88      0x31e C:\Users\unknown\Documents\LPCWorkspace\lpc_chip_175x_6x\Debug\liblpc_chip_175x_6x.a(iocon_17xx_40xx.o)
 .debug_info    0x00002ea6      0x474 C:\Users\unknown\Documents\LPCWorkspace\lpc_chip_175x_6x\Debug\liblpc_chip_175x_6x.a(sysinit_17xx_40xx.o)

.debug_abbrev   0x00000000      0xe0a
 .debug_abbrev  0x00000000      0x1f8 ./src/ProyI2C.o
 .debug_abbrev  0x000001f8       0xf5 ./src/cr_startup_lpc175x_6x.o
 .debug_abbrev  0x000002ed       0x36 ./src/crp.o
 .debug_abbrev  0x00000323       0xdd ./src/sysinit.o
 .debug_abbrev  0x00000400      0x151 C:\Users\unknown\Documents\LPCWorkspace\lpc_chip_175x_6x\Debug\liblpc_chip_175x_6x.a(chip_17xx_40xx.o)
 .debug_abbrev  0x00000551      0x309 C:\Users\unknown\Documents\LPCWorkspace\lpc_chip_175x_6x\Debug\liblpc_chip_175x_6x.a(clock_17xx_40xx.o)
 .debug_abbrev  0x0000085a      0x2d8 C:\Users\unknown\Documents\LPCWorkspace\lpc_chip_175x_6x\Debug\liblpc_chip_175x_6x.a(i2c_17xx_40xx.o)
 .debug_abbrev  0x00000b32      0x14a C:\Users\unknown\Documents\LPCWorkspace\lpc_chip_175x_6x\Debug\liblpc_chip_175x_6x.a(iocon_17xx_40xx.o)
 .debug_abbrev  0x00000c7c      0x18e C:\Users\unknown\Documents\LPCWorkspace\lpc_chip_175x_6x\Debug\liblpc_chip_175x_6x.a(sysinit_17xx_40xx.o)

.debug_aranges  0x00000000      0x408
 .debug_aranges
                0x00000000       0x50 ./src/ProyI2C.o
 .debug_aranges
                0x00000050       0x80 ./src/cr_startup_lpc175x_6x.o
 .debug_aranges
                0x000000d0       0x18 ./src/crp.o
 .debug_aranges
                0x000000e8       0x20 ./src/sysinit.o
 .debug_aranges
                0x00000108       0x38 C:\Users\unknown\Documents\LPCWorkspace\lpc_chip_175x_6x\Debug\liblpc_chip_175x_6x.a(chip_17xx_40xx.o)
 .debug_aranges
                0x00000140      0x120 C:\Users\unknown\Documents\LPCWorkspace\lpc_chip_175x_6x\Debug\liblpc_chip_175x_6x.a(clock_17xx_40xx.o)
 .debug_aranges
                0x00000260      0x118 C:\Users\unknown\Documents\LPCWorkspace\lpc_chip_175x_6x\Debug\liblpc_chip_175x_6x.a(i2c_17xx_40xx.o)
 .debug_aranges
                0x00000378       0x30 C:\Users\unknown\Documents\LPCWorkspace\lpc_chip_175x_6x\Debug\liblpc_chip_175x_6x.a(iocon_17xx_40xx.o)
 .debug_aranges
                0x000003a8       0x60 C:\Users\unknown\Documents\LPCWorkspace\lpc_chip_175x_6x\Debug\liblpc_chip_175x_6x.a(sysinit_17xx_40xx.o)

.debug_ranges   0x00000000      0x370
 .debug_ranges  0x00000000       0x40 ./src/ProyI2C.o
 .debug_ranges  0x00000040       0x70 ./src/cr_startup_lpc175x_6x.o
 .debug_ranges  0x000000b0       0x10 ./src/sysinit.o
 .debug_ranges  0x000000c0       0x28 C:\Users\unknown\Documents\LPCWorkspace\lpc_chip_175x_6x\Debug\liblpc_chip_175x_6x.a(chip_17xx_40xx.o)
 .debug_ranges  0x000000e8      0x110 C:\Users\unknown\Documents\LPCWorkspace\lpc_chip_175x_6x\Debug\liblpc_chip_175x_6x.a(clock_17xx_40xx.o)
 .debug_ranges  0x000001f8      0x108 C:\Users\unknown\Documents\LPCWorkspace\lpc_chip_175x_6x\Debug\liblpc_chip_175x_6x.a(i2c_17xx_40xx.o)
 .debug_ranges  0x00000300       0x20 C:\Users\unknown\Documents\LPCWorkspace\lpc_chip_175x_6x\Debug\liblpc_chip_175x_6x.a(iocon_17xx_40xx.o)
 .debug_ranges  0x00000320       0x50 C:\Users\unknown\Documents\LPCWorkspace\lpc_chip_175x_6x\Debug\liblpc_chip_175x_6x.a(sysinit_17xx_40xx.o)

.debug_macro    0x00000000     0x59e5
 .debug_macro   0x00000000      0x20c ./src/ProyI2C.o
 .debug_macro   0x0000020c      0xa78 ./src/ProyI2C.o
 .debug_macro   0x00000c84       0x10 ./src/ProyI2C.o
 .debug_macro   0x00000c94      0x12d ./src/ProyI2C.o
 .debug_macro   0x00000dc1      0x5b2 ./src/ProyI2C.o
 .debug_macro   0x00001373       0x22 ./src/ProyI2C.o
 .debug_macro   0x00001395       0x7b ./src/ProyI2C.o
 .debug_macro   0x00001410       0x10 ./src/ProyI2C.o
 .debug_macro   0x00001420       0x2d ./src/ProyI2C.o
 .debug_macro   0x0000144d       0x3a ./src/ProyI2C.o
 .debug_macro   0x00001487       0x2d ./src/ProyI2C.o
 .debug_macro   0x000014b4      0xbb1 ./src/ProyI2C.o
 .debug_macro   0x00002065      0x22c ./src/ProyI2C.o
 .debug_macro   0x00002291       0x42 ./src/ProyI2C.o
 .debug_macro   0x000022d3       0x52 ./src/ProyI2C.o
 .debug_macro   0x00002325       0x78 ./src/ProyI2C.o
 .debug_macro   0x0000239d       0x82 ./src/ProyI2C.o
 .debug_macro   0x0000241f      0x48c ./src/ProyI2C.o
 .debug_macro   0x000028ab       0x34 ./src/ProyI2C.o
 .debug_macro   0x000028df      0x4c5 ./src/ProyI2C.o
 .debug_macro   0x00002da4      0x1b7 ./src/ProyI2C.o
 .debug_macro   0x00002f5b       0x10 ./src/ProyI2C.o
 .debug_macro   0x00002f6b      0x21b ./src/ProyI2C.o
 .debug_macro   0x00003186      0x1b9 ./src/ProyI2C.o
 .debug_macro   0x0000333f       0x40 ./src/ProyI2C.o
 .debug_macro   0x0000337f       0x22 ./src/ProyI2C.o
 .debug_macro   0x000033a1      0x162 ./src/ProyI2C.o
 .debug_macro   0x00003503       0x94 ./src/ProyI2C.o
 .debug_macro   0x00003597       0xb8 ./src/ProyI2C.o
 .debug_macro   0x0000364f       0x4c ./src/ProyI2C.o
 .debug_macro   0x0000369b       0x16 ./src/ProyI2C.o
 .debug_macro   0x000036b1      0x328 ./src/ProyI2C.o
 .debug_macro   0x000039d9       0x49 ./src/ProyI2C.o
 .debug_macro   0x00003a22       0x16 ./src/ProyI2C.o
 .debug_macro   0x00003a38       0xca ./src/ProyI2C.o
 .debug_macro   0x00003b02       0x18 ./src/ProyI2C.o
 .debug_macro   0x00003b1a       0x82 ./src/ProyI2C.o
 .debug_macro   0x00003b9c       0x1d ./src/cr_startup_lpc175x_6x.o
 .debug_macro   0x00003bb9      0x898 ./src/cr_startup_lpc175x_6x.o
 .debug_macro   0x00004451       0x1a ./src/crp.o
 .debug_macro   0x0000446b       0x34 ./src/crp.o
 .debug_macro   0x0000449f      0x1cd ./src/sysinit.o
 .debug_macro   0x0000466c      0x1cd C:\Users\unknown\Documents\LPCWorkspace\lpc_chip_175x_6x\Debug\liblpc_chip_175x_6x.a(chip_17xx_40xx.o)
 .debug_macro   0x00004839      0xa66 C:\Users\unknown\Documents\LPCWorkspace\lpc_chip_175x_6x\Debug\liblpc_chip_175x_6x.a(chip_17xx_40xx.o)
 .debug_macro   0x0000529f      0x1cd C:\Users\unknown\Documents\LPCWorkspace\lpc_chip_175x_6x\Debug\liblpc_chip_175x_6x.a(clock_17xx_40xx.o)
 .debug_macro   0x0000546c      0x1df C:\Users\unknown\Documents\LPCWorkspace\lpc_chip_175x_6x\Debug\liblpc_chip_175x_6x.a(i2c_17xx_40xx.o)
 .debug_macro   0x0000564b      0x1cd C:\Users\unknown\Documents\LPCWorkspace\lpc_chip_175x_6x\Debug\liblpc_chip_175x_6x.a(iocon_17xx_40xx.o)
 .debug_macro   0x00005818      0x1cd C:\Users\unknown\Documents\LPCWorkspace\lpc_chip_175x_6x\Debug\liblpc_chip_175x_6x.a(sysinit_17xx_40xx.o)

.debug_line     0x00000000     0x2505
 .debug_line    0x00000000      0x4c6 ./src/ProyI2C.o
 .debug_line    0x000004c6       0xd5 ./src/cr_startup_lpc175x_6x.o
 .debug_line    0x0000059b       0x78 ./src/crp.o
 .debug_line    0x00000613      0x3f3 ./src/sysinit.o
 .debug_line    0x00000a06      0x443 C:\Users\unknown\Documents\LPCWorkspace\lpc_chip_175x_6x\Debug\liblpc_chip_175x_6x.a(chip_17xx_40xx.o)
 .debug_line    0x00000e49      0x6bf C:\Users\unknown\Documents\LPCWorkspace\lpc_chip_175x_6x\Debug\liblpc_chip_175x_6x.a(clock_17xx_40xx.o)
 .debug_line    0x00001508      0x715 C:\Users\unknown\Documents\LPCWorkspace\lpc_chip_175x_6x\Debug\liblpc_chip_175x_6x.a(i2c_17xx_40xx.o)
 .debug_line    0x00001c1d      0x42f C:\Users\unknown\Documents\LPCWorkspace\lpc_chip_175x_6x\Debug\liblpc_chip_175x_6x.a(iocon_17xx_40xx.o)
 .debug_line    0x0000204c      0x4b9 C:\Users\unknown\Documents\LPCWorkspace\lpc_chip_175x_6x\Debug\liblpc_chip_175x_6x.a(sysinit_17xx_40xx.o)

.debug_str      0x00000000    0x12ded
 .debug_str     0x00000000    0x118d5 ./src/ProyI2C.o
                              0x119c9 (size before relaxing)
 .debug_str     0x000118d5      0x2fa ./src/cr_startup_lpc175x_6x.o
                               0x26b3 (size before relaxing)
 .debug_str     0x00011bcf       0xe9 ./src/crp.o
                               0x25cb (size before relaxing)
 .debug_str     0x00011cb8       0x1b ./src/sysinit.o
                              0x10efb (size before relaxing)
 .debug_str     0x00011cd3      0x1aa C:\Users\unknown\Documents\LPCWorkspace\lpc_chip_175x_6x\Debug\liblpc_chip_175x_6x.a(chip_17xx_40xx.o)
                              0x112f8 (size before relaxing)
 .debug_str     0x00011e7d      0x857 C:\Users\unknown\Documents\LPCWorkspace\lpc_chip_175x_6x\Debug\liblpc_chip_175x_6x.a(clock_17xx_40xx.o)
                              0x11976 (size before relaxing)
 .debug_str     0x000126d4      0x5b8 C:\Users\unknown\Documents\LPCWorkspace\lpc_chip_175x_6x\Debug\liblpc_chip_175x_6x.a(i2c_17xx_40xx.o)
                              0x11986 (size before relaxing)
 .debug_str     0x00012c8c       0x9d C:\Users\unknown\Documents\LPCWorkspace\lpc_chip_175x_6x\Debug\liblpc_chip_175x_6x.a(iocon_17xx_40xx.o)
                              0x10df3 (size before relaxing)
 .debug_str     0x00012d29       0xc4 C:\Users\unknown\Documents\LPCWorkspace\lpc_chip_175x_6x\Debug\liblpc_chip_175x_6x.a(sysinit_17xx_40xx.o)
                              0x10fdb (size before relaxing)

.comment        0x00000000       0xec
 .comment       0x00000000       0x7e ./src/ProyI2C.o
                                 0x7f (size before relaxing)
 .comment       0x0000007e       0x6e ./src/cr_startup_lpc175x_6x.o
                                 0x6f (size before relaxing)
 .comment       0x000000ec       0x6f ./src/crp.o
 .comment       0x000000ec       0x7f ./src/sysinit.o
 .comment       0x000000ec       0x7f C:\Users\unknown\Documents\LPCWorkspace\lpc_chip_175x_6x\Debug\liblpc_chip_175x_6x.a(chip_17xx_40xx.o)
 .comment       0x000000ec       0x7f C:\Users\unknown\Documents\LPCWorkspace\lpc_chip_175x_6x\Debug\liblpc_chip_175x_6x.a(clock_17xx_40xx.o)
 .comment       0x000000ec       0x7f C:\Users\unknown\Documents\LPCWorkspace\lpc_chip_175x_6x\Debug\liblpc_chip_175x_6x.a(i2c_17xx_40xx.o)
 .comment       0x000000ec       0x7f C:\Users\unknown\Documents\LPCWorkspace\lpc_chip_175x_6x\Debug\liblpc_chip_175x_6x.a(iocon_17xx_40xx.o)
 .comment       0x000000ec       0x7f C:\Users\unknown\Documents\LPCWorkspace\lpc_chip_175x_6x\Debug\liblpc_chip_175x_6x.a(sysinit_17xx_40xx.o)
 .comment       0x000000ec       0x7f c:/nxp/mcuxpressoide_10.2.0_759/ide/tools/bin/../lib/gcc/arm-none-eabi/7.2.1/../../../../arm-none-eabi/lib/thumb/v7-m\libcr_c.a(__weak__main.o)

.ARM.attributes
                0x00000000       0x33
 .ARM.attributes
                0x00000000       0x33 ./src/ProyI2C.o
 .ARM.attributes
                0x00000033       0x33 ./src/cr_startup_lpc175x_6x.o
 .ARM.attributes
                0x00000066       0x33 ./src/crp.o
 .ARM.attributes
                0x00000099       0x33 ./src/sysinit.o
 .ARM.attributes
                0x000000cc       0x33 C:\Users\unknown\Documents\LPCWorkspace\lpc_chip_175x_6x\Debug\liblpc_chip_175x_6x.a(chip_17xx_40xx.o)
 .ARM.attributes
                0x000000ff       0x33 C:\Users\unknown\Documents\LPCWorkspace\lpc_chip_175x_6x\Debug\liblpc_chip_175x_6x.a(clock_17xx_40xx.o)
 .ARM.attributes
                0x00000132       0x33 C:\Users\unknown\Documents\LPCWorkspace\lpc_chip_175x_6x\Debug\liblpc_chip_175x_6x.a(i2c_17xx_40xx.o)
 .ARM.attributes
                0x00000165       0x33 C:\Users\unknown\Documents\LPCWorkspace\lpc_chip_175x_6x\Debug\liblpc_chip_175x_6x.a(iocon_17xx_40xx.o)
 .ARM.attributes
                0x00000198       0x33 C:\Users\unknown\Documents\LPCWorkspace\lpc_chip_175x_6x\Debug\liblpc_chip_175x_6x.a(sysinit_17xx_40xx.o)
 .ARM.attributes
                0x000001cb       0x33 c:/nxp/mcuxpressoide_10.2.0_759/ide/tools/bin/../lib/gcc/arm-none-eabi/7.2.1/../../../../arm-none-eabi/lib/thumb/v7-m\libcr_c.a(__weak__main.o)

.debug_frame    0x00000000      0xe34
 .debug_frame   0x00000000      0x104 ./src/ProyI2C.o
 .debug_frame   0x00000104      0x170 ./src/cr_startup_lpc175x_6x.o
 .debug_frame   0x00000274       0x34 ./src/sysinit.o
 .debug_frame   0x000002a8       0x88 C:\Users\unknown\Documents\LPCWorkspace\lpc_chip_175x_6x\Debug\liblpc_chip_175x_6x.a(chip_17xx_40xx.o)
 .debug_frame   0x00000330      0x490 C:\Users\unknown\Documents\LPCWorkspace\lpc_chip_175x_6x\Debug\liblpc_chip_175x_6x.a(clock_17xx_40xx.o)
 .debug_frame   0x000007c0      0x4c8 C:\Users\unknown\Documents\LPCWorkspace\lpc_chip_175x_6x\Debug\liblpc_chip_175x_6x.a(i2c_17xx_40xx.o)
 .debug_frame   0x00000c88       0x80 C:\Users\unknown\Documents\LPCWorkspace\lpc_chip_175x_6x\Debug\liblpc_chip_175x_6x.a(iocon_17xx_40xx.o)
 .debug_frame   0x00000d08      0x12c C:\Users\unknown\Documents\LPCWorkspace\lpc_chip_175x_6x\Debug\liblpc_chip_175x_6x.a(sysinit_17xx_40xx.o)
